<ul class="navigation">
	<li><a href="index.html">Home</a></li>
	<li class="current-ancenstor">
		<a href="page.html">Page</a>
		<ul>
			<li class="current"><a href="child.html">Child</a></li>
		</ul>
	</li>
	<li><a href="blog.html">Blog</a></li>
	<li><a href="contact.html">Contact</a></li>
</ul>
