<ul class="navigation">
	<li><a href="index.html">Home</a></li>
	<li class="active-parent active-ancenstor">
		<a href="page.html">Page</a>
		<ul>
			<li><a href="first.html">First</a></li>
			<li class="active">
				<a href="second.html">Second</a>
				<ul>
					<li><a href="child.html">Child</a></li>
					<li><a href="sibling.html">Sibling</a></li>
				</ul>
			</li>
			<li><a href="third.html">Third</a></li>
		</ul>
	</li>
	<li><a href="blog.html">Blog</a></li>
	<li><a href="contact.html">Contact</a></li>
</ul>
