<div id="nav">
	<div><a href="index.html">Home</a></div>
	<div class="current-menu-ancestor"><a href="page.html">Page</a>
		<div class="current-menu-item"><a href="child.html">Child</a></div>
	</div>
	<div><a href="blog.html">Blog</a></div>
	<div><a href="contact.html">Contact</a></div>
</div>
